[pages.github.com/index.html]
[backblue.gif]
[fade.gif]
[index.html]
[pages.github.com/favicon.ico]
[pages.github.com/css/pages.css]
[pages.github.com/images/logo.svg]
[pages.github.com/images/slideshow/bootstrap.png]
[pages.github.com/images/dashboard@2x.png]
[pages.github.com/images/desktop-demo@2x.gif]
[pages.github.com/images/repo-settings@2x.png]
[pages.github.com/images/launch-theme-chooser@2x.png]
[pages.github.com/images/theme-chooser@2x.png]
[pages.github.com/images/code-editor@2x.png]
[pages.github.com/images/commit-edits@2x.png]
[pages.github.com/images/new-create-file@2x.png]
[pages.github.com/images/new-index-html@2x.png]
[pages.github.com/images/new-commit-file@2x.png]
[pages.github.com/images/source-setting@2x.png]
[pages.github.com/index.html]
[pages.github.com/js/application.js]
[pages.github.com/js/jquery.js]
[pages.github.com/images/section-shadow.png]
[pages.github.com/images/user-repo@2x.png]
[pages.github.com/images/setup-in-desktop@2x.png]
[pages.github.com/images/download@2x.png]
[pages.github.com/images/download-arrow@2x.png]
[pages.github.com/css/octicons.woff]
[pages.github.com/css/octicons.ttf]
[pages.github.com/css/octicons.eot]
[pages.github.com/css/octicons.svg]
[pages.github.com/css/pages.css]
[pages.github.com/images/logo.svg]
[pages.github.com/css/octicons.svg]
